<html>
<body>
<pre>
<h1>µVision Build Log</h1>
<h2>Project:</h2>
C:\Users\mohamed\Documents\GitHub\internship_task_Xiot\Xiot_task.uvproj
Project File Date:  06/28/2018

<h2>Output:</h2>
Rebuild target 'Target 1'
assembling startup.s...
compiling xiot_task.c...
ADC.h(17): warning:  #1-D: last line of file ends without a newline
  unsigned long ADC0_In(void);
xiot_task.c(7): warning:  #1295-D: Deprecated declaration Xiot_function - give arg types
  void Xiot_function();
xiot_task.c: 2 warnings, 0 errors
compiling ADC.c...
ADC.h(17): warning:  #1-D: last line of file ends without a newline
  unsigned long ADC0_In(void);
ADC.c: 1 warning, 0 errors
compiling uart.c...
uart.c(39): warning:  #177-D: variable "i" was declared but never referenced
        unsigned int i=0;
uart.c: 1 warning, 0 errors
linking...
Program Size: Code=3928 RO-data=32 RW-data=16 ZI-data=1136  
".\Xiot_task.axf" - 0 Error(s), 4 Warning(s).
Load "C:\\Users\\mohamed\\Documents\\GitHub\\internship_task_Xiot\\Xiot_task.axf" 
Connecting: Mode=JTAG, Speed=1000000Hz
Erase Done.
Programming Done.
Verify OK.
</pre>
</body>
</html>
